tmpfs on / type tmpfs (rw,relatime,size=1273272k,nr_inodes=0)
tmpfs on / type tmpfs (rw,relatime,size=1273272k,nr_inodes=0)
proc on /proc type proc (rw,relatime)
sysfs on /sys type sysfs (rw,relatime)
/dev/loop0 on /parts/mp_0000 type squashfs (ro,relatime)
/dev/loop1 on /parts/mp_0001 type squashfs (ro,relatime)
devtmpfs on /dev type devtmpfs (rw,relatime,size=607540k,nr_inodes=151885,mode=755)
devpts on /dev/pts type devpts (rw,relatime,mode=600,ptmxmode=000)
rpc_pipefs on /var/lib/nfs/rpc_pipefs type rpc_pipefs (rw,relatime)
/dev/loop2 on /mounts/mp_0000 type squashfs (ro,relatime)
/dev/loop3 on /mounts/mp_0001 type squashfs (ro,relatime)
/dev/loop4 on /mounts/mp_0002 type squashfs (ro,relatime)
/dev/loop5 on /mounts/mp_0003 type squashfs (ro,relatime)
/dev/loop6 on /mounts/mp_0004 type squashfs (ro,relatime)
